  Determining projects to restore...
  All projects are up-to-date for restore.
  TT_PPID_CS.Domain -> E:\OneDrive - TG Electronic\Repositories\TT-Factory-Control-System\production\src\TT_PPID_CS.Domain\bin\Debug\net8.0\TT_PPID_CS.Domain.dll
E:\OneDrive - TG Electronic\Repositories\TT-Factory-Control-System\production\src\TT_PPID_CS.Application\Services\ReportService.cs(48,37): warning CS8714: The type 'string?' cannot be used as type parameter 'TKey' in the generic type or method 'Enumerable.ToDictionary<TSource, TKey, TElement>(IEnumerable<TSource>, Func<TSource, TKey>, Func<TSource, TElement>)'. Nullability of type argument 'string?' doesn't match 'notnull' constraint. [E:\OneDrive - TG Electronic\Repositories\TT-Factory-Control-System\production\src\TT_PPID_CS.Application\TT_PPID_CS.Application.csproj]
E:\OneDrive - TG Electronic\Repositories\TT-Factory-Control-System\production\src\TT_PPID_CS.Application\Services\ReportService.cs(51,31): warning CS8621: Nullability of reference types in return type of 'lambda expression' doesn't match the target delegate 'Func<IGrouping<string?, PPIDRecord>, string?>' (possibly because of nullability attributes). [E:\OneDrive - TG Electronic\Repositories\TT-Factory-Control-System\production\src\TT_PPID_CS.Application\TT_PPID_CS.Application.csproj]
E:\OneDrive - TG Electronic\Repositories\TT-Factory-Control-System\production\src\TT_PPID_CS.Application\Services\ReportService.cs(48,37): warning CS8619: Nullability of reference types in value of type 'Dictionary<string?, int>' doesn't match target type 'Dictionary<string, int>'. [E:\OneDrive - TG Electronic\Repositories\TT-Factory-Control-System\production\src\TT_PPID_CS.Application\TT_PPID_CS.Application.csproj]
  TT_PPID_CS.Application -> E:\OneDrive - TG Electronic\Repositories\TT-Factory-Control-System\production\src\TT_PPID_CS.Application\bin\Debug\net8.0\TT_PPID_CS.Application.dll
  TT_PPID_CS.Infrastructure -> E:\OneDrive - TG Electronic\Repositories\TT-Factory-Control-System\production\src\TT_PPID_CS.Infrastructure\bin\Debug\net8.0\TT_PPID_CS.Infrastructure.dll
E:\OneDrive - TG Electronic\Repositories\TT-Factory-Control-System\production\src\TT_PPID_CS.UI\ViewModels\UserManagementViewModel.cs(58,28): error CS0234: The type or namespace name 'Current' does not exist in the namespace 'TT_PPID_CS.Application' (are you missing an assembly reference?) [E:\OneDrive - TG Electronic\Repositories\TT-Factory-Control-System\production\src\TT_PPID_CS.UI\TT_PPID_CS.UI_iknxpxsv_wpftmp.csproj]
E:\OneDrive - TG Electronic\Repositories\TT-Factory-Control-System\production\src\TT_PPID_CS.UI\ViewModels\UserManagementViewModel.cs(86,28): error CS0234: The type or namespace name 'Current' does not exist in the namespace 'TT_PPID_CS.Application' (are you missing an assembly reference?) [E:\OneDrive - TG Electronic\Repositories\TT-Factory-Control-System\production\src\TT_PPID_CS.UI\TT_PPID_CS.UI_iknxpxsv_wpftmp.csproj]
E:\OneDrive - TG Electronic\Repositories\TT-Factory-Control-System\production\src\TT_PPID_CS.UI\ViewModels\PPIDManagementViewModel.cs(116,28): error CS0234: The type or namespace name 'Current' does not exist in the namespace 'TT_PPID_CS.Application' (are you missing an assembly reference?) [E:\OneDrive - TG Electronic\Repositories\TT-Factory-Control-System\production\src\TT_PPID_CS.UI\TT_PPID_CS.UI_iknxpxsv_wpftmp.csproj]
E:\OneDrive - TG Electronic\Repositories\TT-Factory-Control-System\production\src\TT_PPID_CS.UI\ViewModels\PPIDManagementViewModel.cs(144,29): error CS0234: The type or namespace name 'Current' does not exist in the namespace 'TT_PPID_CS.Application' (are you missing an assembly reference?) [E:\OneDrive - TG Electronic\Repositories\TT-Factory-Control-System\production\src\TT_PPID_CS.UI\TT_PPID_CS.UI_iknxpxsv_wpftmp.csproj]

Build FAILED.

E:\OneDrive - TG Electronic\Repositories\TT-Factory-Control-System\production\src\TT_PPID_CS.Application\Services\ReportService.cs(48,37): warning CS8714: The type 'string?' cannot be used as type parameter 'TKey' in the generic type or method 'Enumerable.ToDictionary<TSource, TKey, TElement>(IEnumerable<TSource>, Func<TSource, TKey>, Func<TSource, TElement>)'. Nullability of type argument 'string?' doesn't match 'notnull' constraint. [E:\OneDrive - TG Electronic\Repositories\TT-Factory-Control-System\production\src\TT_PPID_CS.Application\TT_PPID_CS.Application.csproj]
E:\OneDrive - TG Electronic\Repositories\TT-Factory-Control-System\production\src\TT_PPID_CS.Application\Services\ReportService.cs(51,31): warning CS8621: Nullability of reference types in return type of 'lambda expression' doesn't match the target delegate 'Func<IGrouping<string?, PPIDRecord>, string?>' (possibly because of nullability attributes). [E:\OneDrive - TG Electronic\Repositories\TT-Factory-Control-System\production\src\TT_PPID_CS.Application\TT_PPID_CS.Application.csproj]
E:\OneDrive - TG Electronic\Repositories\TT-Factory-Control-System\production\src\TT_PPID_CS.Application\Services\ReportService.cs(48,37): warning CS8619: Nullability of reference types in value of type 'Dictionary<string?, int>' doesn't match target type 'Dictionary<string, int>'. [E:\OneDrive - TG Electronic\Repositories\TT-Factory-Control-System\production\src\TT_PPID_CS.Application\TT_PPID_CS.Application.csproj]
E:\OneDrive - TG Electronic\Repositories\TT-Factory-Control-System\production\src\TT_PPID_CS.UI\ViewModels\UserManagementViewModel.cs(58,28): error CS0234: The type or namespace name 'Current' does not exist in the namespace 'TT_PPID_CS.Application' (are you missing an assembly reference?) [E:\OneDrive - TG Electronic\Repositories\TT-Factory-Control-System\production\src\TT_PPID_CS.UI\TT_PPID_CS.UI_iknxpxsv_wpftmp.csproj]
E:\OneDrive - TG Electronic\Repositories\TT-Factory-Control-System\production\src\TT_PPID_CS.UI\ViewModels\UserManagementViewModel.cs(86,28): error CS0234: The type or namespace name 'Current' does not exist in the namespace 'TT_PPID_CS.Application' (are you missing an assembly reference?) [E:\OneDrive - TG Electronic\Repositories\TT-Factory-Control-System\production\src\TT_PPID_CS.UI\TT_PPID_CS.UI_iknxpxsv_wpftmp.csproj]
E:\OneDrive - TG Electronic\Repositories\TT-Factory-Control-System\production\src\TT_PPID_CS.UI\ViewModels\PPIDManagementViewModel.cs(116,28): error CS0234: The type or namespace name 'Current' does not exist in the namespace 'TT_PPID_CS.Application' (are you missing an assembly reference?) [E:\OneDrive - TG Electronic\Repositories\TT-Factory-Control-System\production\src\TT_PPID_CS.UI\TT_PPID_CS.UI_iknxpxsv_wpftmp.csproj]
E:\OneDrive - TG Electronic\Repositories\TT-Factory-Control-System\production\src\TT_PPID_CS.UI\ViewModels\PPIDManagementViewModel.cs(144,29): error CS0234: The type or namespace name 'Current' does not exist in the namespace 'TT_PPID_CS.Application' (are you missing an assembly reference?) [E:\OneDrive - TG Electronic\Repositories\TT-Factory-Control-System\production\src\TT_PPID_CS.UI\TT_PPID_CS.UI_iknxpxsv_wpftmp.csproj]
    3 Warning(s)
    4 Error(s)

Time Elapsed 00:00:07.24
